// Jest Snapshot v1, https://goo.gl/fbAQLP

exports[`ProductImage renders to match snapshot 1`] = `undefined`;
