// Jest Snapshot v1, https://goo.gl/fbAQLP

exports[`Logo renders to match snapshot 1`] = `
<div>
  <img
    alt="Manson logo in red"
    src="[object Object]"
  />
</div>
`;
