// Jest Snapshot v1, https://goo.gl/fbAQLP

exports[`FilterSet renders to match snapshot 1`] = `
<div>
  <button
    class="filterItem"
    data-testid="filter-item"
  >
    filterTextTest
  </button>
</div>
`;
