// Jest Snapshot v1, https://goo.gl/fbAQLP

exports[`NavItem renders to match snapshot 1`] = `
<div>
  <li
    class="navItem"
  >
    <a
      href="#/testdestination"
    >
      testDestination
    </a>
  </li>
</div>
`;
