// Jest Snapshot v1, https://goo.gl/fbAQLP

exports[`CartProduct renders to match snapshot 1`] = `
<div>
  <div
    class="productCard"
  >
    <div
      class="productDetails"
    >
      <p
        class="productName"
      >
        testName
      </p>
      <p
        class="productPrice"
      >
        £
        100
         
        <span
          class="red"
        >
          each
        </span>
      </p>
    </div>
    <div
      class="productImage"
      style="background-image: url(testImage);"
    />
    <div
      class="productQuantity"
    >
      <div
        class="inputQuantity"
      >
        <button
          class="quantityButton"
          type="button"
        >
          -
        </button>
        <input
          class="quantityInput"
          data-testid="quantity-input"
          id="quantity-input"
          max="9"
          min="0"
          readonly=""
          type="number"
          value="3"
        />
        <button
          class="quantityButton"
          type="button"
        >
          +
        </button>
      </div>
      <p
        class="totalPrice"
      >
        £
        300.00
      </p>
    </div>
    <button
      class="deleteButton"
      data-product-id="testId"
      data-testid="delete-button"
    >
      <svg
        aria-hidden="true"
        class="svg-inline--fa fa-delete-left "
        data-icon="delete-left"
        data-prefix="fas"
        focusable="false"
        role="img"
        viewBox="0 0 576 512"
        xmlns="http://www.w3.org/2000/svg"
      >
        <path
          d="M576 128c0-35.3-28.7-64-64-64H205.3c-17 0-33.3 6.7-45.3 18.7L9.4 233.4c-6 6-9.4 14.1-9.4 22.6s3.4 16.6 9.4 22.6L160 429.3c12 12 28.3 18.7 45.3 18.7H512c35.3 0 64-28.7 64-64V128zM271 175c9.4-9.4 24.6-9.4 33.9 0l47 47 47-47c9.4-9.4 24.6-9.4 33.9 0s9.4 24.6 0 33.9l-47 47 47 47c9.4 9.4 9.4 24.6 0 33.9s-24.6 9.4-33.9 0l-47-47-47 47c-9.4 9.4-24.6 9.4-33.9 0s-9.4-24.6 0-33.9l47-47-47-47c-9.4-9.4-9.4-24.6 0-33.9z"
          fill="currentColor"
        />
      </svg>
    </button>
  </div>
</div>
`;
