// Jest Snapshot v1, https://goo.gl/fbAQLP

exports[`ProductPage renders to match snapshot 1`] = `<div />`;
