// Jest Snapshot v1, https://goo.gl/fbAQLP

exports[`ModalContextProvider matches a snapshot when rendering 1`] = `
<div>
  Test Div
</div>
`;
